// Jest Snapshot v1, https://goo.gl/fbAQLP

exports[`test for private route should match the snapshot correctly 1`] = `<[object Object] />`;
