// Jest Snapshot v1, https://goo.gl/fbAQLP

exports[`test the 404 not found route should match the snapshot 1`] = `
<p>
  Page not found 404 X-X
</p>
`;
