// Jest Snapshot v1, https://goo.gl/fbAQLP

exports[`test app in general test app matching snapshot 1`] = `<AppRouter />`;
